AAML (in paml version 4.10.6, November 2022)  tmp0001.txt
Model: Empirical,  (/mnt/hd1/home/sishuo/software/phylo/paml/latest/dat/lg.dat) dGamma (ncatG=4) ns =   5  ls =   1


Frequencies..
                                    A      R      N      D      C      Q      E      G      H      I      L      K      M      F      P      S      T      W      Y      V
t1                             0.05000 0.05000 0.05000 0.05000 0.05000 0.05000 0.05000 0.05000 0.05000 0.05000 0.05000 0.05000 0.05000 0.05000 0.05000 0.05000 0.05000 0.05000 0.05000 0.05000
t5                             0.05000 0.05000 0.05000 0.05000 0.05000 0.05000 0.05000 0.05000 0.05000 0.05000 0.05000 0.05000 0.05000 0.05000 0.05000 0.05000 0.05000 0.05000 0.05000 0.05000
t4                             0.05000 0.05000 0.05000 0.05000 0.05000 0.05000 0.05000 0.05000 0.05000 0.05000 0.05000 0.05000 0.05000 0.05000 0.05000 0.05000 0.05000 0.05000 0.05000 0.05000
t3                             0.05000 0.05000 0.05000 0.05000 0.05000 0.05000 0.05000 0.05000 0.05000 0.05000 0.05000 0.05000 0.05000 0.05000 0.05000 0.05000 0.05000 0.05000 0.05000 0.05000
t2                             0.05000 0.05000 0.05000 0.05000 0.05000 0.05000 0.05000 0.05000 0.05000 0.05000 0.05000 0.05000 0.05000 0.05000 0.05000 0.05000 0.05000 0.05000 0.05000 0.05000

Homogeneity statistic: X2 = 0.00000 G = 0.00000 

Average                        0.05000 0.05000 0.05000 0.05000 0.05000 0.05000 0.05000 0.05000 0.05000 0.05000 0.05000 0.05000 0.05000 0.05000 0.05000 0.05000 0.05000 0.05000 0.05000 0.05000

# constant sites:      0 (0.00%)
AA distances (raw proportions of different sites)

t1             
t5               0.0000
t4               0.0000  0.0000
t3               0.0000  0.0000  0.0000
t2               0.0000  0.0000  0.0000  0.0000

TREE #  1:  (1, 2, ((3, 4), 5));   MP score: 0
lnL(ntime:  7  np:  8):     -0.000000      +0.000000
   6..1     6..2     6..7     7..8     8..3     8..4     7..5  
 0.000000 0.000000 0.000000 0.000000 0.000000 0.000000 0.000000 0.500000
